G1 grating: bars 3 x 50 at 34 mm along t ULS 4 kN front, mid-span       ok=0 eq [6088.2, 6088.2]  front -15.76  min -15.78  twist  2.52  vm (212.7, 'bearing bar x277.5', 277.5, 643.7, 48.8) u 0.94 | ends (weld zone) u 0.80
G1 grating: bars 3 x 50 at 34 mm along t ULS 4 kN centre, mid-span      ok=0 eq [6088.2, 6088.2]  front  -9.62  min -10.05  twist  0.01  vm (150.0, 'bearing bar x140', 140.0, 643.7, 48.8) u 0.66 | ends (weld zone) u 0.37
G1 grating: bars 3 x 50 at 34 mm along t ULS 4 kN front, at the end     ok=0 eq [6088.2, 6088.2]  front  -4.39  min  -4.50  twist  0.68  vm (70.6, 'bearing bar x243.12', 243.1, 194.6, 48.8) u 0.31 | ends (weld zone) u 0.69
G1 grating: bars 3 x 50 at 34 mm along t ULS crowd                      ok=0 eq [3421.1, 3421.1]  front  -3.60  min  -3.62  twist  0.00  vm (43.5, 'bearing bar x71.25', 71.2, 643.7, 48.8) u 0.19 | ends (weld zone) u 0.20
G1 grating: bars 3 x 50 at 34 mm along t SLS 4 kN front, mid-span       ok=0 eq [4065.3, 4065.3]  front -10.52  min -10.52  twist  1.68  vm (141.9, 'bearing bar x277.5', 277.5, 643.7, 48.8) u 0.62 | ends (weld zone) u 0.53
G1 grating: bars 3 x 50 at 34 mm along t SLS crowd                      ok=0 eq [2287.3, 2287.3]  front  -2.40  min  -2.42  twist  0.00  vm (29.1, 'bearing bar x71.25', 71.2, 643.7, 48.8) u 0.13 | ends (weld zone) u 0.14
G1 grating: bars 3 x 50 at 34 mm along t SLS person 1 kN at the nosing  ok=0 eq [1065.3, 1065.3]  front  -3.75  min  -3.75  twist  0.85  vm (54.1, 'bearing bar x277.5', 277.5, 643.7, 1.2) u 0.24 | ends (weld zone) u 0.21
G2 grating: bars 3 x 50 at 46 mm along t ULS 4 kN front, mid-span       ok=0 eq [6075.4, 6075.4]  front -18.17  min -18.18  twist  2.56  vm (245.8, 'bearing bar x277.5', 277.5, 643.7, 48.8) u 1.08 | ends (weld zone) u 0.57
G2 grating: bars 3 x 50 at 46 mm along t ULS 4 kN centre, mid-span      ok=0 eq [6075.4, 6075.4]  front -11.98  min -12.34  twist  0.00  vm (181.7, 'bearing bar x140', 140.0, 643.7, 48.8) u 0.80 | ends (weld zone) u 0.46
G2 grating: bars 3 x 50 at 46 mm along t ULS 4 kN front, at the end     ok=0 eq [6075.4, 6075.4]  front  -5.06  min  -5.18  twist  0.69  vm (81.1, 'bearing bar x231.67', 231.7, 194.6, 48.8) u 0.36 | ends (weld zone) u 0.56
G2 grating: bars 3 x 50 at 46 mm along t ULS crowd                      ok=0 eq [3408.3, 3408.3]  front  -4.43  min  -4.47  twist  0.00  vm (53.7, 'bearing bar x48.33', 48.3, 643.7, 48.8) u 0.24 | ends (weld zone) u 0.26
G2 grating: bars 3 x 50 at 46 mm along t SLS 4 kN front, mid-span       ok=0 eq [4055.8, 4055.8]  front -12.12  min -12.13  twist  1.71  vm (163.9, 'bearing bar x277.5', 277.5, 643.7, 48.8) u 0.72 | ends (weld zone) u 0.38
G2 grating: bars 3 x 50 at 46 mm along t SLS crowd                      ok=0 eq [2277.8, 2277.8]  front  -2.96  min  -2.99  twist  0.00  vm (35.9, 'bearing bar x48.33', 48.3, 643.7, 48.8) u 0.16 | ends (weld zone) u 0.17
G2 grating: bars 3 x 50 at 46 mm along t SLS person 1 kN at the nosing  ok=0 eq [1055.8, 1055.8]  front  -4.16  min  -4.16  twist  0.86  vm (59.0, 'bearing bar x277.5', 277.5, 643.7, 1.2) u 0.26 | ends (weld zone) u 0.18
G3 grating: bars 3 x 40 at 34 mm along t ULS 4 kN front, mid-span       ok=0 eq [6079.2, 6079.2]  front -21.34  min -21.35  twist  2.94  vm (290.8, 'bearing bar x277.5', 277.5, 643.7, 1.2) u 1.28 | ends (weld zone) u 0.79
G3 grating: bars 3 x 40 at 34 mm along t ULS 4 kN centre, mid-span      ok=0 eq [6079.2, 6079.2]  front -14.18  min -14.83  twist -0.01  vm (185.5, 'bearing bar x2.5', 2.5, 643.7, 1.2) u 0.82 | ends (weld zone) u 0.48
G3 grating: bars 3 x 40 at 34 mm along t ULS 4 kN front, at the end     ok=0 eq [6079.2, 6079.2]  front  -5.94  min  -6.08  twist  0.79  vm (94.6, 'bearing bar x277.5', 277.5, 244.5, 48.8) u 0.42 | ends (weld zone) u 0.65
G3 grating: bars 3 x 40 at 34 mm along t ULS crowd                      ok=0 eq [3412.2, 3412.2]  front  -5.26  min  -5.33  twist -0.00  vm (63.3, 'bearing bar x2.5', 2.5, 643.7, 1.2) u 0.28 | ends (weld zone) u 0.28
G3 grating: bars 3 x 40 at 34 mm along t SLS 4 kN front, mid-span       ok=0 eq [4058.7, 4058.7]  front -14.23  min -14.24  twist  1.96  vm (193.9, 'bearing bar x277.5', 277.5, 643.7, 1.2) u 0.85 | ends (weld zone) u 0.53
G3 grating: bars 3 x 40 at 34 mm along t SLS crowd                      ok=0 eq [2280.6, 2280.6]  front  -3.51  min  -3.56  twist -0.00  vm (42.3, 'bearing bar x2.5', 2.5, 643.7, 1.2) u 0.19 | ends (weld zone) u 0.18
G3 grating: bars 3 x 40 at 34 mm along t SLS person 1 kN at the nosing  ok=0 eq [1058.7, 1058.7]  front  -4.87  min  -4.87  twist  0.99  vm (70.4, 'bearing bar x277.5', 277.5, 643.7, 1.2) u 0.31 | ends (weld zone) u 0.24
G4 grating: bars 3 x 50 at 34 mm, 8 mm n ULS 4 kN front, mid-span       ok=0 eq [6094.5, 6094.5]  front -12.35  min -12.36  twist  1.62  vm (164.3, 'bearing bar x276', 276.0, 643.7, 48.8) u 0.72 | ends (weld zone) u 0.68
G4 grating: bars 3 x 50 at 34 mm, 8 mm n ULS 4 kN centre, mid-span      ok=0 eq [6094.5, 6094.5]  front  -7.83  min  -9.90  twist -0.43  vm (142.0, 'bearing bar x105.62', 105.6, 643.7, 48.8) u 0.62 | ends (weld zone) u 0.39
G4 grating: bars 3 x 50 at 34 mm, 8 mm n ULS 4 kN front, at the end     ok=0 eq [6094.5, 6094.5]  front  -3.47  min  -3.55  twist  0.44  vm (58.0, 'bearing bar x208.75', 208.8, 194.6, 48.8) u 0.26 | ends (weld zone) u 0.61
G4 grating: bars 3 x 50 at 34 mm, 8 mm n ULS crowd                      ok=0 eq [3427.4, 3427.4]  front  -2.93  min  -3.70  twist -0.16  vm (44.2, 'bearing bar x2.5', 2.5, 643.7, 48.8) u 0.19 | ends (weld zone) u 0.21
G4 grating: bars 3 x 50 at 34 mm, 8 mm n SLS 4 kN front, mid-span       ok=0 eq [4070.0, 4070.0]  front  -8.24  min  -8.25  twist  1.08  vm (109.6, 'bearing bar x276', 276.0, 643.7, 48.8) u 0.48 | ends (weld zone) u 0.46
G4 grating: bars 3 x 50 at 34 mm, 8 mm n SLS crowd                      ok=0 eq [2292.0, 2292.0]  front  -1.96  min  -2.48  twist -0.11  vm (29.6, 'bearing bar x2.5', 2.5, 643.7, 48.8) u 0.13 | ends (weld zone) u 0.14
G4 grating: bars 3 x 50 at 34 mm, 8 mm n SLS person 1 kN at the nosing  ok=0 eq [1070.0, 1070.0]  front  -2.89  min  -2.90  twist  0.62  vm (41.2, 'bearing bar x276', 276.0, 643.7, 1.2) u 0.18 | ends (weld zone) u 0.18
G5 grating: bars 3 x 50 at 46 mm, 8 mm n ULS 4 kN front, mid-span       ok=0 eq [6081.7, 6081.7]  front -13.79  min -13.80  twist  1.44  vm (184.0, 'bearing bar x276', 276.0, 643.7, 48.8) u 0.81 | ends (weld zone) u 0.54
G5 grating: bars 3 x 50 at 46 mm, 8 mm n ULS 4 kN centre, mid-span      ok=0 eq [6081.7, 6081.7]  front  -9.42  min -12.30  twist -0.60  vm (170.9, 'bearing bar x94.17', 94.2, 643.7, 48.8) u 0.75 | ends (weld zone) u 0.51
G5 grating: bars 3 x 50 at 46 mm, 8 mm n ULS 4 kN front, at the end     ok=0 eq [6081.7, 6081.7]  front  -3.87  min  -3.96  twist  0.39  vm (66.5, 'bearing bar x185.83', 185.8, 194.6, 48.8) u 0.29 | ends (weld zone) u 0.63
G5 grating: bars 3 x 50 at 46 mm, 8 mm n ULS crowd                      ok=0 eq [3414.6, 3414.6]  front  -3.49  min  -4.55  twist -0.22  vm (54.4, 'bearing bar x2.5', 2.5, 643.7, 48.8) u 0.24 | ends (weld zone) u 0.28
G5 grating: bars 3 x 50 at 46 mm, 8 mm n SLS 4 kN front, mid-span       ok=0 eq [4060.5, 4060.5]  front  -9.20  min  -9.20  twist  0.96  vm (122.7, 'bearing bar x276', 276.0, 643.7, 48.8) u 0.54 | ends (weld zone) u 0.36
G5 grating: bars 3 x 50 at 46 mm, 8 mm n SLS crowd                      ok=0 eq [2282.5, 2282.5]  front  -2.33  min  -3.04  twist -0.15  vm (36.4, 'bearing bar x2.5', 2.5, 643.7, 48.8) u 0.16 | ends (weld zone) u 0.19
G5 grating: bars 3 x 50 at 46 mm, 8 mm n SLS person 1 kN at the nosing  ok=0 eq [1060.5, 1060.5]  front  -3.11  min  -3.11  twist  0.58  vm (43.6, 'bearing bar x276', 276.0, 643.7, 1.2) u 0.19 | ends (weld zone) u 0.12
