B1 box 5 top / 3 bottom / 5 walls  ULS 4 kN front, mid-span       ok=0 eq 6118/6118  nosing  -3.90  min  -5.73  twist  0.23  vm  118.0 (deck) u 0.52 | HAZ u 1.04
B1 box 5 top / 3 bottom / 5 walls  ULS 4 kN centre, mid-span      ok=0 eq 6118/6118  nosing  -3.36  min  -5.85  twist  0.02  vm  126.3 (deck) u 0.56 | HAZ u 1.11
B1 box 5 top / 3 bottom / 5 walls  ULS 4 kN front, at the end     ok=0 eq 6118/6118  nosing  -1.12  min  -2.35  twist  0.07  vm   92.6 (deck) u 0.41 | HAZ u 0.81
B1 box 5 top / 3 bottom / 5 walls  ULS crowd                      ok=0 eq 3479/3479  nosing  -1.25  min  -1.48  twist  0.01  vm   17.3 (deck) u 0.08 | HAZ u 0.15
B1 box 5 top / 3 bottom / 5 walls  SLS 4 kN front, mid-span       ok=0 eq 4087/4087  nosing  -2.60  min  -3.82  twist  0.16  vm   78.7 (deck) u 0.35 | HAZ u 0.69
B1 box 5 top / 3 bottom / 5 walls  SLS crowd                      ok=0 eq 2328/2328  nosing  -0.84  min  -0.99  twist  0.01  vm   11.6 (deck) u 0.05 | HAZ u 0.10
B1 box 5 top / 3 bottom / 5 walls  SLS person 1 kN at the nosing  ok=0 eq 1087/1087  nosing  -0.81  min  -1.02  twist  0.09  vm   24.1 (deck) u 0.11 | HAZ u 0.21
B2 box 4 / 2 / 3, one mid web 3    ULS 4 kN front, mid-span       ok=0 eq 6092/6092  nosing  -4.55  min  -5.05  twist  0.23  vm   91.6 (deck) u 0.40 | HAZ u 0.81
B2 box 4 / 2 / 3, one mid web 3    ULS 4 kN centre, mid-span      ok=0 eq 6092/6092  nosing  -3.97  min  -4.61  twist  0.01  vm   83.8 (deck) u 0.37 | HAZ u 0.74
B2 box 4 / 2 / 3, one mid web 3    ULS 4 kN front, at the end     ok=0 eq 6092/6092  nosing  -1.30  min  -1.36  twist  0.06  vm   76.0 (deck) u 0.33 | HAZ u 0.67
B2 box 4 / 2 / 3, one mid web 3    ULS crowd                      ok=0 eq 3453/3453  nosing  -1.51  min  -1.57  twist  0.01  vm   19.7 (bottom) u 0.09 | HAZ u 0.17
B2 box 4 / 2 / 3, one mid web 3    SLS 4 kN front, mid-span       ok=0 eq 4068/4068  nosing  -3.04  min  -3.37  twist  0.15  vm   61.1 (deck) u 0.27 | HAZ u 0.54
B2 box 4 / 2 / 3, one mid web 3    SLS crowd                      ok=0 eq 2309/2309  nosing  -1.01  min  -1.05  twist  0.00  vm   13.2 (bottom) u 0.06 | HAZ u 0.12
B2 box 4 / 2 / 3, one mid web 3    SLS person 1 kN at the nosing  ok=0 eq 1068/1068  nosing  -0.94  min  -1.11  twist  0.09  vm   33.5 (web x140) u 0.15 | HAZ u 0.29
B3 box 3 / 2 / 3, one mid web 3    ULS 4 kN front, mid-span       ok=0 eq 6080/6080  nosing  -5.12  min  -6.10  twist  0.29  vm  157.6 (deck) u 0.69 | HAZ u 1.39
B3 box 3 / 2 / 3, one mid web 3    ULS 4 kN centre, mid-span      ok=0 eq 6080/6080  nosing  -4.39  min  -5.49  twist  0.01  vm  139.6 (deck) u 0.61 | HAZ u 1.23
B3 box 3 / 2 / 3, one mid web 3    ULS 4 kN front, at the end     ok=0 eq 6080/6080  nosing  -1.45  min  -1.92  twist  0.07  vm  134.7 (deck) u 0.59 | HAZ u 1.18
B3 box 3 / 2 / 3, one mid web 3    ULS crowd                      ok=0 eq 3441/3441  nosing  -1.67  min  -1.76  twist  0.01  vm   20.1 (bottom) u 0.09 | HAZ u 0.18
B3 box 3 / 2 / 3, one mid web 3    SLS 4 kN front, mid-span       ok=0 eq 4060/4060  nosing  -3.42  min  -4.07  twist  0.19  vm  105.1 (deck) u 0.46 | HAZ u 0.92
B3 box 3 / 2 / 3, one mid web 3    SLS crowd                      ok=0 eq 2300/2300  nosing  -1.12  min  -1.18  twist  0.00  vm   13.4 (bottom) u 0.06 | HAZ u 0.12
B3 box 3 / 2 / 3, one mid web 3    SLS person 1 kN at the nosing  ok=0 eq 1060/1060  nosing  -1.07  min  -1.46  twist  0.11  vm   50.5 (deck) u 0.22 | HAZ u 0.44
B4 box 3 / 2 / 2, two webs 2       ULS 4 kN front, mid-span       ok=0 eq 6079/6079  nosing  -5.04  min  -5.35  twist  0.25  vm   93.5 (deck) u 0.41 | HAZ u 0.82
B4 box 3 / 2 / 2, two webs 2       ULS 4 kN centre, mid-span      ok=0 eq 6079/6079  nosing  -4.36  min  -4.98  twist  0.00  vm   78.3 (deck) u 0.34 | HAZ u 0.69
B4 box 3 / 2 / 2, two webs 2       ULS 4 kN front, at the end     ok=0 eq 6079/6079  nosing  -1.42  min  -1.48  twist  0.06  vm   76.4 (deck) u 0.34 | HAZ u 0.67
B4 box 3 / 2 / 2, two webs 2       ULS crowd                      ok=0 eq 3440/3440  nosing  -1.66  min  -1.72  twist  0.00  vm   20.5 (bottom) u 0.09 | HAZ u 0.18
B4 box 3 / 2 / 2, two webs 2       SLS 4 kN front, mid-span       ok=0 eq 4058/4058  nosing  -3.36  min  -3.57  twist  0.17  vm   62.3 (deck) u 0.27 | HAZ u 0.55
B4 box 3 / 2 / 2, two webs 2       SLS crowd                      ok=0 eq 2299/2299  nosing  -1.11  min  -1.15  twist  0.00  vm   13.7 (bottom) u 0.06 | HAZ u 0.12
B4 box 3 / 2 / 2, two webs 2       SLS person 1 kN at the nosing  ok=0 eq 1058/1058  nosing  -1.04  min  -1.20  twist  0.10  vm   39.9 (web x185) u 0.18 | HAZ u 0.35
